---
http_interactions:
- request:
    method: post
    uri: http://localhost:7477/db/data/ext/GremlinPlugin/graphdb/execute_script
    body:
      encoding: UTF-8
      string: ! '{"script":"g.clear();g.V()"}'
    headers:
      Content-Type:
      - application/json
  response:
    status:
      code: 200
      message: !!null 
    headers:
      content-length:
      - '3'
      content-encoding:
      - UTF-8
      content-type:
      - application/json
      access-control-allow-origin:
      - ! '*'
      connection:
      - close
      server:
      - Jetty(6.1.25)
    body:
      encoding: US-ASCII
      string: ! '[ ]'
    http_version: !!null 
  recorded_at: Thu, 12 Jul 2012 02:10:58 GMT
- request:
    method: delete
    uri: http://localhost:7477/db/data/index/node/users
    body:
      encoding: US-ASCII
      string: ''
    headers: {}
  response:
    status:
      code: 404
      message: !!null 
    headers:
      content-length:
      - '422'
      content-encoding:
      - UTF-8
      content-type:
      - application/json
      access-control-allow-origin:
      - ! '*'
      connection:
      - close
      server:
      - Jetty(6.1.25)
    body:
      encoding: US-ASCII
      string: ! "{\n  \"message\" : \"No node index named 'users'.\",\n  \"exception\"
        : \"NotFoundException\",\n  \"stacktrace\" : [ \"org.neo4j.server.rest.web.DatabaseActions.removeNodeIndex(DatabaseActions.java:420)\",
        \"org.neo4j.server.rest.web.RestfulGraphDatabase.deleteNodeIndex(RestfulGraphDatabase.java:729)\",
        \"java.lang.reflect.Method.invoke(Method.java:597)\", \"org.neo4j.server.statistic.StatisticFilter.doFilter(StatisticFilter.java:62)\"
        ]\n}"
    http_version: !!null 
  recorded_at: Thu, 12 Jul 2012 02:10:58 GMT
- request:
    method: get
    uri: http://localhost:7477/db/data/node/42
    body:
      encoding: US-ASCII
      string: ''
    headers: {}
  response:
    status:
      code: 404
      message: !!null 
    headers:
      content-length:
      - '500'
      content-encoding:
      - UTF-8
      content-type:
      - application/json
      access-control-allow-origin:
      - ! '*'
      connection:
      - close
      server:
      - Jetty(6.1.25)
    body:
      encoding: US-ASCII
      string: ! "{\n  \"message\" : \"Cannot find node with id [42] in database.\",\n
        \ \"exception\" : \"NodeNotFoundException\",\n  \"stacktrace\" : [ \"org.neo4j.server.rest.web.DatabaseActions.node(DatabaseActions.java:123)\",
        \"org.neo4j.server.rest.web.DatabaseActions.getNode(DatabaseActions.java:234)\",
        \"org.neo4j.server.rest.web.RestfulGraphDatabase.getNode(RestfulGraphDatabase.java:225)\",
        \"java.lang.reflect.Method.invoke(Method.java:597)\", \"org.neo4j.server.statistic.StatisticFilter.doFilter(StatisticFilter.java:62)\"
        ]\n}"
    http_version: !!null 
  recorded_at: Thu, 12 Jul 2012 02:10:58 GMT
recorded_with: VCR 2.2.2
